# Activity Log

## Run 1 - Initial State Assessment
- Read all .plan/ files
- Identified remaining fixes needed in planner/ROLE.md and plan_maker/ROLE.md
- Verified previous runs claimed completion but next_steps.md showed incomplete work

## Run 2 - Applied Remaining Optimizations
- **planner/ROLE.md**:
  - Fixed "Dont be shy" → "Don't be shy" (missing apostrophe)
  - Replaced 4 long informal separators (`--------------------------------------------------`) with proper markdown `---`
  - Removed "## Required Skills (OPTIONAL)" section from manifest template (redundant with SHARED.shio)
  - Removed redundant "Skills" section at end (already covered in SHARED.shio)
- **plan_maker/ROLE.md**:
  - Removed "## Required Skills (OPTIONAL)" section from manifest template (redundant with SHARED.shio)

## Run 3 - Validation
- Verified SHARED.shio tool definitions
- Grep verified no tool naming issues remain (read(), write(), edit())
- Confirmed all 14 ROLE.md files optimized
- Updated all .plan/ state files

## Summary
All 14 ROLE.md files now optimized with:
- Correct spelling and grammar
- Consistent tool naming matching actual tool definitions
- Clean, readable formatting
- No redundant or repetitive content
- Maintained semantic meaning and intent
