====================================================
CRASH REPORT - 2026-06-27 20:00:38
====================================================

CRASH TYPE:  ACCESS_VIOLATION
ADDRESS:     0x7ff95e7a7ae2
THREAD ID:   18548

MODULE:      C:\Users\neu\AppData\Local\Shizoscript\shizotech\packages\curl\native\windows_x64\shzmodule_curl.dll

STACK TRACE:
[0]  shzptr_control_block::destroy (C:\Users\neu\source\repos\shizoscript3\core\shizoscript3_core_module\shz_ptr.cpp:101) [0x7ff95e7a7ae2]
[1]  shz_function_def::~shz_function_def [0x7ff95e7a4bf8]
[2]  shzobject<shz_std_json,CLASS_STRING<9>{char{115,116,100,46,106,115,111,110,0}}>::shzobject_function_def::`scalar deleting destructor' [0x7ff95e7c3158]
[3]  std::_Destroy_range<std::allocator<shzptr_strong<shzobject_member_def_base> > > (C:\Program Files\Microsoft Visual Studio\18\Insiders\VC\Tools\MSVC\14.51.36231\include\xmemory:1107) [0x7ff95e79efa8]
[4]  `dynamic atexit destructor for 'shzobject<shz_curl,CLASS_STRING<10>{char{99,117,114,108,46,99,117,114,108,0}}>::object_vtable_flat'' [0x7ff95e815d1c]
[5]  _sys_nerr [0x7ff98a203a93]
[6]  o_free [0x7ff98a1d042e]
[7]  execute_onexit_table [0x7ff98a1cdddd]
[8]  dllmain_crt_process_detach (D:\a\_work\1\s\src\vctools\crt\vcstartup\src\startup\dll_dllmain.cpp:182) [0x7ff95e80cb96]
[9]  dllmain_dispatch (D:\a\_work\1\s\src\vctools\crt\vcstartup\src\startup\dll_dllmain.cpp:293) [0x7ff95e80ccdd]
[10]  RtlActivateActivationContextUnsafeFast [0x7ff98caf8c0f]
[11]  LdrShutdownProcess [0x7ff98cb21616]
[12]  RtlExitUserProcess [0x7ff98cb2120d]
[13]  CtrlRoutine [0x7ff989e0c440]
[14]  CtrlRoutine [0x7ff989e0c2a7]
[15]  BaseThreadInitThunk [0x7ff98c57259d]
[16]  RtlUserThreadStart [0x7ff98cb2afb8]
====================================================
END OF CRASH REPORT
====================================================
